<testsuites id="" name="" tests="45" failures="0" skipped="45" errors="0" time="0.042441000000000034">
<testsuite name="auth.spec.ts" timestamp="2025-10-09T07:36:44.072Z" hostname="chromium" tests="4" failures="0" skipped="4" time="0" errors="0">
<testcase name="Authentication Flow › should display login page" classname="auth.spec.ts" time="0">
<skipped>
</skipped>
</testcase>
<testcase name="Authentication Flow › should show validation errors for empty form" classname="auth.spec.ts" time="0">
<skipped>
</skipped>
</testcase>
<testcase name="Authentication Flow › should show error for invalid credentials" classname="auth.spec.ts" time="0">
<skipped>
</skipped>
</testcase>
<testcase name="Authentication Flow › should navigate to dashboard after successful login" classname="auth.spec.ts" time="0">
<skipped>
</skipped>
</testcase>
</testsuite>
<testsuite name="transactions.spec.ts" timestamp="2025-10-09T07:36:44.072Z" hostname="chromium" tests="5" failures="0" skipped="5" time="0" errors="0">
<testcase name="Transaction Management › should display transaction list" classname="transactions.spec.ts" time="0">
<skipped>
</skipped>
</testcase>
<testcase name="Transaction Management › should open add transaction modal" classname="transactions.spec.ts" time="0">
<skipped>
</skipped>
</testcase>
<testcase name="Transaction Management › should create new transaction" classname="transactions.spec.ts" time="0">
<skipped>
</skipped>
</testcase>
<testcase name="Transaction Management › should filter transactions by type" classname="transactions.spec.ts" time="0">
<skipped>
</skipped>
</testcase>
<testcase name="Transaction Management › should search transactions" classname="transactions.spec.ts" time="0">
<skipped>
</skipped>
</testcase>
</testsuite>
<testsuite name="auth.spec.ts" timestamp="2025-10-09T07:36:44.072Z" hostname="firefox" tests="4" failures="0" skipped="4" time="0" errors="0">
<testcase name="Authentication Flow › should display login page" classname="auth.spec.ts" time="0">
<skipped>
</skipped>
</testcase>
<testcase name="Authentication Flow › should show validation errors for empty form" classname="auth.spec.ts" time="0">
<skipped>
</skipped>
</testcase>
<testcase name="Authentication Flow › should show error for invalid credentials" classname="auth.spec.ts" time="0">
<skipped>
</skipped>
</testcase>
<testcase name="Authentication Flow › should navigate to dashboard after successful login" classname="auth.spec.ts" time="0">
<skipped>
</skipped>
</testcase>
</testsuite>
<testsuite name="transactions.spec.ts" timestamp="2025-10-09T07:36:44.072Z" hostname="firefox" tests="5" failures="0" skipped="5" time="0" errors="0">
<testcase name="Transaction Management › should display transaction list" classname="transactions.spec.ts" time="0">
<skipped>
</skipped>
</testcase>
<testcase name="Transaction Management › should open add transaction modal" classname="transactions.spec.ts" time="0">
<skipped>
</skipped>
</testcase>
<testcase name="Transaction Management › should create new transaction" classname="transactions.spec.ts" time="0">
<skipped>
</skipped>
</testcase>
<testcase name="Transaction Management › should filter transactions by type" classname="transactions.spec.ts" time="0">
<skipped>
</skipped>
</testcase>
<testcase name="Transaction Management › should search transactions" classname="transactions.spec.ts" time="0">
<skipped>
</skipped>
</testcase>
</testsuite>
<testsuite name="auth.spec.ts" timestamp="2025-10-09T07:36:44.072Z" hostname="webkit" tests="4" failures="0" skipped="4" time="0" errors="0">
<testcase name="Authentication Flow › should display login page" classname="auth.spec.ts" time="0">
<skipped>
</skipped>
</testcase>
<testcase name="Authentication Flow › should show validation errors for empty form" classname="auth.spec.ts" time="0">
<skipped>
</skipped>
</testcase>
<testcase name="Authentication Flow › should show error for invalid credentials" classname="auth.spec.ts" time="0">
<skipped>
</skipped>
</testcase>
<testcase name="Authentication Flow › should navigate to dashboard after successful login" classname="auth.spec.ts" time="0">
<skipped>
</skipped>
</testcase>
</testsuite>
<testsuite name="transactions.spec.ts" timestamp="2025-10-09T07:36:44.072Z" hostname="webkit" tests="5" failures="0" skipped="5" time="0" errors="0">
<testcase name="Transaction Management › should display transaction list" classname="transactions.spec.ts" time="0">
<skipped>
</skipped>
</testcase>
<testcase name="Transaction Management › should open add transaction modal" classname="transactions.spec.ts" time="0">
<skipped>
</skipped>
</testcase>
<testcase name="Transaction Management › should create new transaction" classname="transactions.spec.ts" time="0">
<skipped>
</skipped>
</testcase>
<testcase name="Transaction Management › should filter transactions by type" classname="transactions.spec.ts" time="0">
<skipped>
</skipped>
</testcase>
<testcase name="Transaction Management › should search transactions" classname="transactions.spec.ts" time="0">
<skipped>
</skipped>
</testcase>
</testsuite>
<testsuite name="auth.spec.ts" timestamp="2025-10-09T07:36:44.072Z" hostname="Mobile Chrome" tests="4" failures="0" skipped="4" time="0" errors="0">
<testcase name="Authentication Flow › should display login page" classname="auth.spec.ts" time="0">
<skipped>
</skipped>
</testcase>
<testcase name="Authentication Flow › should show validation errors for empty form" classname="auth.spec.ts" time="0">
<skipped>
</skipped>
</testcase>
<testcase name="Authentication Flow › should show error for invalid credentials" classname="auth.spec.ts" time="0">
<skipped>
</skipped>
</testcase>
<testcase name="Authentication Flow › should navigate to dashboard after successful login" classname="auth.spec.ts" time="0">
<skipped>
</skipped>
</testcase>
</testsuite>
<testsuite name="transactions.spec.ts" timestamp="2025-10-09T07:36:44.072Z" hostname="Mobile Chrome" tests="5" failures="0" skipped="5" time="0" errors="0">
<testcase name="Transaction Management › should display transaction list" classname="transactions.spec.ts" time="0">
<skipped>
</skipped>
</testcase>
<testcase name="Transaction Management › should open add transaction modal" classname="transactions.spec.ts" time="0">
<skipped>
</skipped>
</testcase>
<testcase name="Transaction Management › should create new transaction" classname="transactions.spec.ts" time="0">
<skipped>
</skipped>
</testcase>
<testcase name="Transaction Management › should filter transactions by type" classname="transactions.spec.ts" time="0">
<skipped>
</skipped>
</testcase>
<testcase name="Transaction Management › should search transactions" classname="transactions.spec.ts" time="0">
<skipped>
</skipped>
</testcase>
</testsuite>
<testsuite name="auth.spec.ts" timestamp="2025-10-09T07:36:44.072Z" hostname="Mobile Safari" tests="4" failures="0" skipped="4" time="0" errors="0">
<testcase name="Authentication Flow › should display login page" classname="auth.spec.ts" time="0">
<skipped>
</skipped>
</testcase>
<testcase name="Authentication Flow › should show validation errors for empty form" classname="auth.spec.ts" time="0">
<skipped>
</skipped>
</testcase>
<testcase name="Authentication Flow › should show error for invalid credentials" classname="auth.spec.ts" time="0">
<skipped>
</skipped>
</testcase>
<testcase name="Authentication Flow › should navigate to dashboard after successful login" classname="auth.spec.ts" time="0">
<skipped>
</skipped>
</testcase>
</testsuite>
<testsuite name="transactions.spec.ts" timestamp="2025-10-09T07:36:44.072Z" hostname="Mobile Safari" tests="5" failures="0" skipped="5" time="0" errors="0">
<testcase name="Transaction Management › should display transaction list" classname="transactions.spec.ts" time="0">
<skipped>
</skipped>
</testcase>
<testcase name="Transaction Management › should open add transaction modal" classname="transactions.spec.ts" time="0">
<skipped>
</skipped>
</testcase>
<testcase name="Transaction Management › should create new transaction" classname="transactions.spec.ts" time="0">
<skipped>
</skipped>
</testcase>
<testcase name="Transaction Management › should filter transactions by type" classname="transactions.spec.ts" time="0">
<skipped>
</skipped>
</testcase>
<testcase name="Transaction Management › should search transactions" classname="transactions.spec.ts" time="0">
<skipped>
</skipped>
</testcase>
</testsuite>
</testsuites>